// Jest Snapshot v1, https://goo.gl/fbAQLP

exports[`test render 1`] = `
<div
  className="tc bg-light-green dib br3 ma2 grow bw2 shadow-S"
>
  <img
    alt="robots"
    src="https://robohash.org/undefined?200x200"
  />
  <div>
    <h2 />
    <p />
  </div>
</div>
`;
