// Jest Snapshot v1, https://goo.gl/fbAQLP

exports[`test render 1`] = `
<div>
  <Card
    email="jhon@gmail.com"
    id={1}
    key="0"
    name="Jhon Snow"
  />
</div>
`;
